# yours: scaffolded once, never touched again — forge will not overwrite this file.
# This CI workflow is a starting point you own — add jobs, secrets, and steps freely.
# `forge generate` re-creates it only if you delete it first.
name: CI

on:
  push:
    branches: [main]
  pull_request:
    branches: [main]

permissions:
  contents: read

concurrency:
  group: ci-${{ github.ref }}
  cancel-in-progress: true

# Go version is read from go.mod's `go` directive via setup-go's
# `go-version-file` input so CI stays in sync with the project's declared
# version without a duplicate env var that drifts.

jobs:
  lint:
    name: Lint
    runs-on: ubuntu-latest
    steps:
      - uses: actions/checkout@v4
      - uses: actions/setup-go@v5
        with:
          go-version-file: go.mod
      - name: golangci-lint
        uses: golangci/golangci-lint-action@v6
        with:
          version: latest
          args: --timeout=5m
          only-new-issues: true
      - name: Install buf
        uses: bufbuild/buf-setup-action@v1
      - name: Buf lint
        run: buf lint
      - name: Ensure modules are ready for forge install
        run: go mod download
      - name: Install forge
        # Reuses the same pinned forge version as verify-generated so CI runs
        # migration rules from the generator that created the project.
        run: go install github.com/reliant-labs/forge/cmd/forge@v0.0.0-test
      - name: Migration safety lint
        run: forge ci migration-safety
      - name: Setup Node.js
        uses: actions/setup-node@v4
        with:
          # Single source of truth: the first frontend's package.json
          # `engines.node` field. Keeps CI, the Dockerfile, and local
          # dev aligned without a duplicated Node version in the workflow.
          node-version-file: 'frontends/web/package.json'
          cache: 'npm'
          cache-dependency-path: |
            frontends/web/package-lock.json
      - name: Lint web
        working-directory: frontends/web
        run: npm ci && npm run lint
      - name: Typecheck web
        working-directory: frontends/web
        # tsc --noEmit is not covered by eslint; without a dedicated
        # step, type errors only surface at `next build` time in
        # production deploys. Keep this step right after lint so
        # authors see type failures on the same PR that introduced
        # them.
        run: npm run typecheck
      - name: CSS health web
        working-directory: frontends/web
        run: npm run lint:styles --if-present

  test:
    name: Test
    runs-on: ubuntu-latest
    steps:
      - uses: actions/checkout@v4
      - uses: actions/setup-go@v5
        with:
          go-version-file: go.mod
      - name: Setup Node.js
        uses: actions/setup-node@v4
        with:
          # Single source of truth: the first frontend's package.json
          # `engines.node` field. Keeps CI, the Dockerfile, and local
          # dev aligned without a duplicated Node version in the workflow.
          node-version-file: 'frontends/web/package.json'
          cache: 'npm'
          cache-dependency-path: |
            frontends/web/package-lock.json
      # `npm ci` (lockfile-exact install) is CI's job, not the Taskfile's —
      # the workflow owns how the environment is PREPARED, Taskfile.yml owns
      # what "the tests" ARE. `task test` below then runs each frontend's own
      # `npm test` script.
      - name: Install web dependencies
        working-directory: frontends/web
        run: npm ci
      # Task is the single definition of the test suite: this job, the local
      # edit loop, and `task test:all` all run the same commands out of
      # Taskfile.yml. The workflow deliberately does NOT re-spell `go test`
      # here — that is how the two drifted apart before (CI ran a bare
      # `go test ./...` that skipped the frontend lane entirely, so a broken
      # frontend test could merge green).
      - uses: arduino/setup-task@v2
        with:
          version: 3.x
          repo-token: ${{ secrets.GITHUB_TOKEN }}
      - name: Tests
        # GOTESTRACE carries forge.yaml's `ci.test.race` through to the
        # Taskfile, which is the one place the `go test` flags are spelled.
        # Without the pass-through the key would go silently dead the moment
        # the test command moved out of this workflow.
        run: task test
      # `task coverage` (not a second hand-rolled `go test -coverprofile`):
      # same reason as above, and it keeps the profile flags in one place.
      - name: Go test coverage
        run: task coverage
      - name: Upload coverage
        uses: actions/upload-artifact@v4
        with:
          name: coverage
          path: coverage.out

  build:
    name: Build
    needs: [lint, test]
    runs-on: ubuntu-latest
    steps:
      - uses: actions/checkout@v4
      - uses: actions/setup-go@v5
        with:
          go-version-file: go.mod
      - name: Go build
        # -trimpath makes builds reproducible across runners;
        # -buildvcs=true stamps the commit/dirty flag into runtime
        # debug/buildinfo so deployed binaries can be correlated to a
        # source commit without a separate manifest. Both flags must
        # match the Dockerfile / Taskfile so CI, Docker, and local
        # binaries hash identically from the same source.
        run: go build -trimpath -buildvcs=true ./cmd/...
      - name: Setup Node.js
        uses: actions/setup-node@v4
        with:
          # Single source of truth: the first frontend's package.json
          # `engines.node` field. Keeps CI, the Dockerfile, and local
          # dev aligned without a duplicated Node version in the workflow.
          node-version-file: 'frontends/web/package.json'
          cache: 'npm'
          cache-dependency-path: |
            frontends/web/package-lock.json
      - name: Build web
        working-directory: frontends/web
        run: npm ci && NODE_ENV=production npm run build
  verify-generated:
    name: Verify Generated Code
    runs-on: ubuntu-latest
    steps:
      - uses: actions/checkout@v4
      - uses: actions/setup-go@v5
        with:
          go-version-file: go.mod
      - name: Install buf
        uses: bufbuild/buf-setup-action@v1
      - name: Install forge
        # Version is stamped at scaffold time from the forge binary that
        # produced the project. CI installs that exact ref so this step is
        # reproducible:
        #   1. Tagged/pseudo-version build → pin by module version.
        #   2. Local `dev` build with a known git SHA → pin by SHA
        #      (`go install ...@<sha>` is a valid ref).
        #   3. Neither available → fall back to @main (regenerate from a
        #      tagged release to eliminate this branch).
        run: go install github.com/reliant-labs/forge/cmd/forge@v0.0.0-test
      - name: Verify generated code
        run: forge ci verify-generated

  deployability:
    name: Deployability
    runs-on: ubuntu-latest
    steps:
      - uses: actions/checkout@v4
      - uses: actions/setup-go@v5
        with:
          go-version-file: go.mod
      # No KCL CLI install: forge renders through the embedded KCL
      # runtime, so the toolchain travels with the binary.
      - name: Ensure modules are ready for forge install
        run: go mod download
      - name: Install forge
        # Pinned to the forge version that generated this project, so CI
        # runs the same generator, linters and deployability rules the
        # checkout was built with.
        run: go install github.com/reliant-labs/forge/cmd/forge@v0.0.0-test
      - name: Validate KCL manifests are applyable
        # Asserts the render is something `kubectl apply` accepts — not
        # merely that the KCL evaluates. Evaluating was the old bar, and
        # it reported green over a CD path that died on every apply.
        run: forge ci validate-kcl
      - name: Deployability checks
        # Would an SRE let this reach production: probes, resource
        # requests/limits, credentials sourced from Secrets rather than
        # literal env values, ServiceAccounts actually bound to pods.
        # Answered from the rendered manifests, so it needs no cluster
        # and no image.
        run: forge doctor --signal deploy

  vuln-scan:
    name: Vulnerability Scan
    needs: [lint, test]
    runs-on: ubuntu-latest
    steps:
      - uses: actions/checkout@v4
      - uses: actions/setup-go@v5
        with:
          go-version-file: go.mod
      - name: Install govulncheck
        # Pinned explicitly: @latest makes CI non-reproducible and lets a
        # compromised upstream release silently alter scan results. The
        # Dependabot config watches this file so bumps arrive as PRs.
        run: go install golang.org/x/vuln/cmd/govulncheck@v1.1.4
      - name: Install forge
        # Pinned to the forge version that generated this project, so CI
        # runs the same generator, linters and deployability rules the
        # checkout was built with.
        run: go install github.com/reliant-labs/forge/cmd/forge@v0.0.0-test
      - name: Go vulnerability check
        run: forge ci vuln-scan --go
      - name: Setup Node.js
        uses: actions/setup-node@v4
        with:
          # Single source of truth: the first frontend's package.json
          # `engines.node` field. Keeps CI, the Dockerfile, and local
          # dev aligned without a duplicated Node version in the workflow.
          node-version-file: 'frontends/web/package.json'
          cache: 'npm'
          cache-dependency-path: |
            frontends/web/package-lock.json
      - name: NPM vulnerability check
        run: forge ci vuln-scan --npm
  docker-build:
    name: Docker Build
    needs: [build]
    runs-on: ubuntu-latest
    steps:
      - uses: actions/checkout@v4
      - name: Set up Docker Buildx
        uses: docker/setup-buildx-action@v3
      - name: Build project image
        uses: docker/build-push-action@v6
        with:
          context: .
          file: Dockerfile
          load: true
          tags: demo:ci
          cache-from: type=gha,scope=ci-demo
          cache-to: type=gha,scope=ci-demo,mode=max
      - name: Trivy scan
        uses: aquasecurity/trivy-action@master
        with:
          image-ref: 'demo:ci'
          format: table
          exit-code: '1'
          severity: HIGH,CRITICAL
      - name: Build web image
        uses: docker/build-push-action@v6
        with:
          context: frontends/web
          file: frontends/web/Dockerfile
          load: true
          tags: demo/web:ci
          cache-from: type=gha,scope=ci-web
          cache-to: type=gha,scope=ci-web,mode=max
      - name: Trivy scan web
        uses: aquasecurity/trivy-action@master
        with:
          image-ref: 'demo/web:ci'
          format: table
          exit-code: '1'
          severity: HIGH,CRITICAL

  e2e:
    name: E2E Tests
    needs: [docker-build]
    runs-on: ubuntu-latest
    steps:
      - uses: actions/checkout@v4
      # Both runtimes below run the suite through `task test:e2e`, so both
      # need Go and Task. The e2e suite is Go (`go test -tags=e2e ./e2e/...`)
      # under every runtime — the runtime only decides what infrastructure it
      # talks to.
      - uses: actions/setup-go@v5
        with:
          go-version-file: go.mod
      - uses: arduino/setup-task@v2
        with:
          version: 3.x
          repo-token: ${{ secrets.GITHUB_TOKEN }}
      - name: Run E2E tests
        # The generated harness (e2e/<service>/main_test.go) brings its OWN
        # e2e/<service>/docker-compose.e2e.yml up and tears it down. This step
        # must therefore NOT start compose itself: doing so raced the harness
        # for the same ports, and it pointed at a root-level
        # docker-compose.e2e.yml that forge has never written.
        run: task test:e2e
      - name: Upload test artifacts
        if: failure()
        uses: actions/upload-artifact@v4
        with:
          name: e2e-results
          path: test-results/
