# yours: scaffolded once, never touched again — forge will not overwrite this file.
# This CI workflow is a starting point you own — add jobs, secrets, and steps freely.
# `forge generate` re-creates it only if you delete it first.
name: CI

on:
  push:
    branches: [main]
  pull_request:
    branches: [main]

permissions:
  contents: read

concurrency:
  group: ci-${{ github.ref }}
  cancel-in-progress: true

# Go version is read from go.mod's `go` directive via setup-go's
# `go-version-file` input so CI stays in sync with the project's declared
# version without a duplicate env var that drifts.

jobs:
  lint:
    name: Lint
    runs-on: ubuntu-latest
    steps:
      - uses: actions/checkout@v4
      - uses: actions/setup-go@v5
        with:
          go-version-file: go.mod
      - name: golangci-lint
        # v7+ is required for golangci-lint v2 (the .golangci.yml forge
        # scaffolds is `version: "2"`). The version is pinned, not `latest`:
        # a linter release adds checks, and `latest` would turn this job red
        # on code nobody changed. Bump it deliberately, with the fixes the new
        # release asks for, in the same commit.
        uses: golangci/golangci-lint-action@v9
        with:
          version: v2.14.0
          args: --timeout=5m
      - name: Install forge
        # The version comes from the project at run time — go.mod's forge, the
        # one this code compiles against — so bumping forge in go.mod is the
        # whole upgrade. Only a module whose go.mod does not require forge at
        # all (a CLI or library) uses forge.yaml's forge_version. A `replace`
        # of forge, a lookup that fails, or a pin no proxy can serve fails
        # this step by name; it never falls back to a different forge.
        run: |
          set -euo pipefail
          forge=github.com/reliant-labs/forge
          command -v jq >/dev/null || { echo "::error::jq is required to read go.mod (preinstalled on GitHub-hosted runners)"; exit 1; }
          mod=$(GOWORK=off go mod edit -json)
          replaced=$(jq -r --arg m "$forge" '.Replace[]? | select(.Old.Path == $m) | "\(.New.Path) \(.New.Version // "")"' <<<"$mod")
          if [ -n "$replaced" ]; then
            echo "::error file=go.mod::go.mod replaces $forge with ${replaced% } — CI cannot install that forge. Bridge a local forge checkout with an uncommitted go.work instead."
            exit 1
          fi
          if [ -n "$(jq -r --arg m "$forge" '.Require[]? | select(.Path == $m) | .Path' <<<"$mod")" ]; then
            v=$(GOWORK=off go list -m -f '{{.Version}}' "$forge")
          else
            v=$(sed -n 's/^forge_version:[[:space:]]*//p' forge.yaml | tr -d "\"' ")
          fi
          case "$v" in
            v*+*|""|dev|0.0.0)
              echo "::error file=go.mod::no installable forge version (got '$v') — require $forge in go.mod, or set forge_version in forge.yaml to a published version."
              exit 1 ;;
          esac
          CGO_ENABLED=1 go install "$forge/cmd/forge@${v}"
      - name: Migration safety lint
        run: forge ci migration-safety

  test:
    name: Test
    runs-on: ubuntu-latest
    steps:
      - uses: actions/checkout@v4
      - uses: actions/setup-go@v5
        with:
          go-version-file: go.mod
      # Task is the single definition of the test suite: this job, the local
      # edit loop, and `task test:all` all run the same commands out of
      # Taskfile.yml. The workflow deliberately does NOT re-spell `go test`
      # here — that is how the two drifted apart before (CI ran a bare
      # `go test ./...` that skipped the frontend lane entirely, so a broken
      # frontend test could merge green).
      - uses: arduino/setup-task@v2
        with:
          version: 3.x
          repo-token: ${{ secrets.GITHUB_TOKEN }}
      - name: Tests
        # GOTESTRACE carries forge.yaml's `ci.test.race` through to the
        # Taskfile, which is the one place the `go test` flags are spelled.
        # Without the pass-through the key would go silently dead the moment
        # the test command moved out of this workflow.
        run: task test

  build:
    name: Build
    needs: [lint, test]
    runs-on: ubuntu-latest
    steps:
      - uses: actions/checkout@v4
      - uses: actions/setup-go@v5
        with:
          go-version-file: go.mod
      - name: Go build
        # -trimpath makes builds reproducible across runners;
        # -buildvcs=true stamps the commit/dirty flag into runtime
        # debug/buildinfo so deployed binaries can be correlated to a
        # source commit without a separate manifest. Both flags must
        # match the Dockerfile / Taskfile so CI, Docker, and local
        # binaries hash identically from the same source.
        run: go build -trimpath -buildvcs=true ./cmd/...
  verify-generated:
    name: Verify Generated Code
    runs-on: ubuntu-latest
    steps:
      - uses: actions/checkout@v4
      - uses: actions/setup-go@v5
        with:
          go-version-file: go.mod
      - name: Install forge
        # The version comes from the project at run time — go.mod's forge, the
        # one this code compiles against — so bumping forge in go.mod is the
        # whole upgrade. Only a module whose go.mod does not require forge at
        # all (a CLI or library) uses forge.yaml's forge_version. A `replace`
        # of forge, a lookup that fails, or a pin no proxy can serve fails
        # this step by name; it never falls back to a different forge.
        run: |
          set -euo pipefail
          forge=github.com/reliant-labs/forge
          command -v jq >/dev/null || { echo "::error::jq is required to read go.mod (preinstalled on GitHub-hosted runners)"; exit 1; }
          mod=$(GOWORK=off go mod edit -json)
          replaced=$(jq -r --arg m "$forge" '.Replace[]? | select(.Old.Path == $m) | "\(.New.Path) \(.New.Version // "")"' <<<"$mod")
          if [ -n "$replaced" ]; then
            echo "::error file=go.mod::go.mod replaces $forge with ${replaced% } — CI cannot install that forge. Bridge a local forge checkout with an uncommitted go.work instead."
            exit 1
          fi
          if [ -n "$(jq -r --arg m "$forge" '.Require[]? | select(.Path == $m) | .Path' <<<"$mod")" ]; then
            v=$(GOWORK=off go list -m -f '{{.Version}}' "$forge")
          else
            v=$(sed -n 's/^forge_version:[[:space:]]*//p' forge.yaml | tr -d "\"' ")
          fi
          case "$v" in
            v*+*|""|dev|0.0.0)
              echo "::error file=go.mod::no installable forge version (got '$v') — require $forge in go.mod, or set forge_version in forge.yaml to a published version."
              exit 1 ;;
          esac
          CGO_ENABLED=1 go install "$forge/cmd/forge@${v}"
      # verify-generated REGENERATES the tree and demands a byte-identical
      # result, so it needs every tool that produced the committed output,
      # at the versions that produced it. `forge tools install` installs the
      # Go codegen plugins buf.gen.yaml runs (protoc-gen-go,
      # protoc-gen-connect-go) and the goimports forge formats Go output
      # with, each at the version go.mod resolves — the same version the
      # committed stubs were generated with. --force: a runner image's own
      # copy of a plugin must not stand in for go.mod's version.
      - name: Install codegen tools
        run: forge tools install --force
      - name: Verify generated code
        run: forge ci verify-generated
  docker-build:
    name: Docker Build
    needs: [build]
    runs-on: ubuntu-latest
    steps:
      - uses: actions/checkout@v4
      - name: Set up Docker Buildx
        uses: docker/setup-buildx-action@v3
      - name: Build project image
        uses: docker/build-push-action@v6
        with:
          context: .
          file: Dockerfile
          load: true
          tags: demo:ci
          cache-from: type=gha,scope=ci-demo
          cache-to: type=gha,scope=ci-demo,mode=max
