
// Echo implements the Echo RPC.
// FORGE_SCAFFOLD: implement business logic; remove this marker when done.
// forge:gen unwired-stub symbol=api.Echo
func (s *Service) Echo(
	ctx context.Context,
	req *connect.Request[pb.EchoRequest],
) (*connect.Response[pb.EchoResponse], error) {
	return nil, connect.NewError(connect.CodeUnimplemented, fmt.Errorf("handler for %s not yet implemented", "Echo"))
}

// Tail implements the Tail server streaming RPC.
// FORGE_SCAFFOLD: implement business logic; remove this marker when done.
// forge:gen unwired-stub symbol=api.Tail
func (s *Service) Tail(
	ctx context.Context,
	req *connect.Request[pb.TailRequest],
	stream *connect.ServerStream[pb.TailResponse],
) error {
	return connect.NewError(connect.CodeUnimplemented, fmt.Errorf("handler for %s not yet implemented", "Tail"))
}

