package middleware

import (
	"net/http"
	"strings"
)

// CORSMiddleware returns an HTTP middleware that applies the CORS policy
// described by allowOrigins and allowCredentials.
//
// Semantics (per the Fetch / CORS specs):
//
//   - When the request has no Origin header, no CORS headers are written
//     and the request is passed through. Emitting ACAO with an empty
//     value (or "*") on a same-origin request is a well-known footgun:
//     the browser never needed CORS on it in the first place, and some
//     caches key on the ACAO value.
//
//   - When allowOrigins contains "*" AND allowCredentials is true, this
//     middleware panics. The combination is spec-invalid (browsers
//     reject it) and must be caught at config validation time (see
//     (*Config).Validate). The panic is a belt-and-suspenders guard if
//     validation is bypassed.
//
//   - When allowOrigins contains "*" and credentials are disabled, the
//     request Origin is echoed back rather than a literal "*". Echoing
//     keeps the response compatible with future credentialed callers
//     (no silent breakage) and still satisfies "*" semantically.
//
//   - When specific origins are listed, an exact (case-insensitive)
//     match on the Origin header is required. No match → no CORS
//     headers (the browser will block the response).
//
// Vary: Origin is always set so intermediate caches key on the Origin.
func CORSMiddleware(allowOrigins []string, allowCredentials bool) func(http.Handler) http.Handler {
	// Belt-and-suspenders: Config.Validate rejects this combination at
	// startup, but if a caller constructs the middleware directly (e.g.
	// in a test) we must still refuse to produce a spec-invalid policy.
	if allowCredentials && containsWildcard(allowOrigins) {
		panic("middleware: CORS wildcard origin ('*') is incompatible with allowCredentials=true")
	}
	wildcard := containsWildcard(allowOrigins)

	return func(next http.Handler) http.Handler {
		return http.HandlerFunc(func(w http.ResponseWriter, r *http.Request) {
			origin := r.Header.Get("Origin")
			if origin == "" {
				// Same-origin or non-browser client: no CORS headers.
				next.ServeHTTP(w, r)
				return
			}

			// Vary: Origin is required whenever responses differ by origin.
			w.Header().Add("Vary", "Origin")

			allowedOrigin, matched := resolveAllowedOrigin(origin, allowOrigins, wildcard)
			if !matched {
				// Origin not allowed — don't emit CORS headers; the
				// browser will block the response.
				next.ServeHTTP(w, r)
				return
			}
			w.Header().Set("Access-Control-Allow-Origin", allowedOrigin)
			if allowCredentials {
				w.Header().Set("Access-Control-Allow-Credentials", "true")
			}
			w.Header().Set("Access-Control-Expose-Headers", "Connect-Protocol-Version")

			if r.Method == http.MethodOptions {
				writePreflightHeaders(w)
				return
			}
			next.ServeHTTP(w, r)
		})
	}
}

// containsWildcard reports whether origins contains the literal "*".
func containsWildcard(origins []string) bool {
	for _, o := range origins {
		if o == "*" {
			return true
		}
	}
	return false
}

// resolveAllowedOrigin picks the Access-Control-Allow-Origin value for the
// given request origin. Returns the value to echo plus whether a match was
// found. On wildcard policies the caller's origin is echoed rather than a
// literal "*" so the response stays usable if credentials are added later.
func resolveAllowedOrigin(origin string, allowOrigins []string, wildcard bool) (string, bool) {
	if wildcard {
		return origin, true
	}
	for _, allowed := range allowOrigins {
		if strings.EqualFold(origin, allowed) {
			return allowed, true
		}
	}
	return "", false
}

// writePreflightHeaders sets the response headers required for a CORS
// preflight (OPTIONS) reply and writes the 204 status. Kept separate from
// the main handler so the simple-request path stays easy to audit.
func writePreflightHeaders(w http.ResponseWriter) {
	w.Header().Set("Access-Control-Allow-Methods", "GET, POST, PUT, DELETE, OPTIONS")
	w.Header().Set("Access-Control-Allow-Headers", "Content-Type, Connect-Protocol-Version, Connect-Timeout-Ms, Authorization, Traceparent, Tracestate, X-Request-Id")
	w.Header().Set("Access-Control-Max-Age", "86400")
	w.WriteHeader(http.StatusNoContent)
}
