version: '3'

# ┌─────────────────────────────────────────────────────────┐
# │ Tests are Task targets — this file is the ONE place     │
# │ that decides how the suite runs, so the local loop and  │
# │ CI cannot drift apart:                                  │
# │                                                         │
# │   task test              Go unit + every frontend       │
# │   task test:integration  `integration`-tagged tests     │
# │   task test:e2e          End-to-end tests               │
# │   task test:all          Unit + frontend + integration  │
# │                                                         │
# │ Everything that needs forge's own orchestration stays   │
# │ a forge command:                                        │
# │                                                         │
# │   forge env up dev       Dev loop (hot-reload)          │
# │   forge build            Build production binary        │
# │   forge build --debug    Build with debug symbols       │
# │   forge lint             Run linters                    │
# │   forge env deploy       Deploy to k3d / cloud          │
# │   forge debug start      Dev + Delve on :2345           │
# │   forge db migrate up    Run database migrations        │
# │   forge generate         Codegen from proto files       │
# │                                                         │
# │ `task lint` and `task db-seed` delegate to the forge    │
# │ CLI (it orchestrates linters/seeding no Taskfile line   │
# │ can express); the rest are plain go/npm/docker and run  │
# │ without forge installed.                                │
# └─────────────────────────────────────────────────────────┘

vars:
  GEN_DIR: gen
  # GOTESTRACE is a TOP-LEVEL var on purpose: only global vars can be
  # overridden from the command line (`task test GOTESTRACE=`), which is how
  # the generated CI workflow passes through forge.yaml's `ci.test.race`.
  # Declared on the task itself it would silently win over the override.
  # Clearing it drops the race detector for one run; leave it set otherwise.
  GOTESTRACE: '-race'
  FRONTEND_DIR: frontends/web

tasks:
  default:
    desc: List available tasks
    cmds:
      - task --list

  deps:
    desc: Install Go and frontend dependencies
    cmds:
      - go mod download
      - task: deps:frontend

  deps:frontend:
    desc: Install frontend dependencies
    dir: '{{.FRONTEND_DIR}}'
    cmds:
      - npm install

  build:
    desc: Build Go binaries and frontend bundle
    cmds:
      # -trimpath strips local filesystem paths so builds are reproducible
      # across machines; -buildvcs=true embeds the commit/dirty flag for
      # runtime correlation. Keep these flags in lockstep with the
      # Dockerfile and CI workflow so locally-built, CI-built, and
      # Docker-built binaries all hash identically from the same source.
      - go build -trimpath -buildvcs=true ./...
      - task: build:frontend

  build:frontend:
    desc: Build frontend bundle
    dir: '{{.FRONTEND_DIR}}'
    cmds:
      - npm run build

  test:
    # Everything after `--` REPLACES the default `./...`, so it takes both
    # flags and package patterns:
    #
    #   task test                                  whole module + frontends
    #   task test -- ./internal/lifecycle/...       only those Go packages
    #   task test -- -v ./...                       verbose
    #   task test -- -run TestFoo ./internal/...    one test
    #   task test GOTESTRACE=                       without the race detector
    #
    # A scoped run skips the frontend lane — a Go package pattern says nothing
    # about a frontend. An unmatched pattern fails in `go test` itself, so a
    # scoped run can never quietly widen into a whole-module run that still
    # reports success.
    desc: Run Go unit tests and every frontend's tests (excludes integration + e2e)
    cmds:
      # Integration and e2e tests are guarded by the `integration` and `e2e`
      # build tags respectively, so they are physically excluded from this
      # default test run (no compile, no skip-at-runtime).
      #
      # -timeout 120s surfaces hangs (subprocess loops, deadlocks, accidental
      # network calls) as fast test failures instead of CI-stalling 10-minute
      # waits. It is not 30s because the born CRUD tests boot an embedded
      # postgres on first use: a cold boot alone can eat most of a 30s budget,
      # so the tighter bound failed the suite for being slow rather than wrong.
      - go test {{.GOTESTRACE}} -count=1 -timeout 120s {{if .CLI_ARGS}}{{.CLI_ARGS}}{{else}}./...{{end}}
      - task: test:frontend

  test:frontend:
    # Frontends are DISCOVERED at run time, not baked in at scaffold time.
    # This task is generated once and never regenerated, so a hard-coded
    # frontend directory would silently stop covering the project the moment
    # someone ran `forge scaffold frontend <name>` for a second app — the
    # suite would stay green while testing only the original one. The glob
    # also makes this a clean no-op for a backend-only project.
    desc: Run tests for every frontend under frontends/
    cmds:
      # silent: the loop below prints one `==> npm test (<dir>)` line per
      # frontend, which is the useful output. Without it Task echoes the whole
      # script — comments included — on every run of the default test gate.
      - silent: true
        cmd: |
          # A scoped run (`task test -- ./some/pkg/...`) selected Go packages,
          # which says nothing about any frontend — running the JS suites
          # anyway is how a "just this package" run ends up executing tests in
          # a frontend someone else is editing, and reporting on them.
          if [ -n "{{.CLI_ARGS}}" ]; then
            echo "Go package patterns given — skipping the frontend lane."
            exit 0
          fi
          # `[ -f ... ] || continue` is what makes the no-frontend case safe:
          # an unmatched glob expands to the literal pattern in POSIX sh (the
          # shell Task uses), so without the guard this would try to cd into a
          # directory named `frontends/*`.
          ran=0
          for pkg in frontends/*/package.json; do
            [ -f "$pkg" ] || continue
            dir="$(dirname "$pkg")"
            echo "==> npm test ($dir)"
            (cd "$dir" && npm test -- --passWithNoTests) || exit 1
            ran=$((ran + 1))
          done
          [ "$ran" -gt 0 ] || echo "No frontends/*/package.json — skipping frontend tests."

  test:integration:
    desc: Run integration tests (uses -tags=integration; may require docker compose)
    cmds:
      # Integration tests are guarded by the `integration` build tag and are
      # therefore excluded from `task test`. They typically need a real
      # database / running infra (see docker-compose.yml). -timeout=10m gives
      # heavy DB-backed scenarios room while still surfacing hangs.
      - go test {{.GOTESTRACE}} -tags=integration -count=1 -timeout=10m {{if .CLI_ARGS}}{{.CLI_ARGS}}{{else}}./...{{end}}

  test:e2e:
    # `--` args replace the default `./e2e/...`, same as `task test`, so
    # `task test:e2e -- ./e2e/users/...` targets one service's suite. Every
    # lane accepts them for the same reason: a target that ACCEPTS arguments
    # and ignores them reports success for a run the caller never asked for.
    # Already verbose (-v) — e2e failures are unreadable without it.
    desc: Run end-to-end tests (requires docker compose; uses -tags=e2e)
    cmds:
      - go test -tags=e2e -v -count=1 -timeout=20m {{if .CLI_ARGS}}{{.CLI_ARGS}}{{else}}./e2e/...{{end}}

  test:all:
    # The full-suite gate. `task test` is the fast lane (unit + frontend) and
    # is what the CI test job and the local edit loop run; this target adds the
    # integration lane for a pre-merge sweep.
    #
    # e2e is deliberately NOT here: it needs a deployed stack (cluster,
    # ingress, seeded database), so it has its own target and its own CI job.
    # Folding it in would make `task test:all` unrunnable on a fresh checkout,
    # which is exactly when people reach for it.
    desc: Run the unit + frontend and integration suites (e2e has its own target)
    cmds:
      - task: test
      - task: test:integration

  lint:
    desc: Run all linters via the forge CLI (Go + proto + frontend)
    cmds:
      # Delegate to `forge lint` so this task inherits forge's full linter
      # suite (golangci-lint with skip-on-missing, buf lint, frontend lint
      # & typecheck via the configured Next.js workspace, plus the
      # contract / db / migration-safety / convention sub-linters when
      # they're enabled in forge.yaml). Pre-fix this task hard-coded
      # `golangci-lint run`, which exited 127 when the binary wasn't
      # installed locally — losing the lint signal entirely instead of
      # the warn-and-skip forge does.
      - forge lint

  lint:frontend:
    desc: Run frontend linter and TypeScript typecheck (sub-task; `task lint` already covers this)
    dir: '{{.FRONTEND_DIR}}'
    cmds:
      # Lint catches style and rule violations; typecheck verifies the
      # program is well-typed. We run both because `next lint` (now
      # deprecated) skipped typechecking, and CI has historically
      # shipped type errors that only surfaced at build time. Kept as a
      # standalone task for fast iteration on frontend-only lint runs;
      # `task lint` above goes through `forge lint`, which already
      # includes this step.
      - npm run lint
      - npm run typecheck

  dev:
    desc: Run the app with hot-reload (Air + Next dev)
    deps:
      - dev-up
    cmds:
      - cmd: air
        ignore_error: true

  dev:frontend:
    desc: Run only the frontend dev server
    dir: '{{.FRONTEND_DIR}}'
    cmds:
      - npm run dev

  dev-up:
    # Developers iterating on the app want Delve attached; launching the
    # plain `app` service runs a production-style binary that makes
    # breakpoints impossible. `docker-compose.yml` gates `app-debug`
    # behind the `debug` profile, so we enable it here. Infra services
    # (postgres, jaeger) have no profile and come up regardless.
    desc: Start local dev infrastructure with app-debug (Delve on :2345)
    cmds:
      - docker compose --profile debug up -d --wait

  dev-up-prod:
    # Escape hatch: run the production-mode `app` service locally (no
    # Delve, smaller image). Useful for smoke-testing the release build
    # or reproducing prod-only behaviour.
    desc: Start local dev infrastructure with the production app image
    cmds:
      - docker compose up -d --wait

  dev-down:
    # `--profile '*'` ensures we tear down app-debug too, even if the
    # caller used `dev-up-prod`; otherwise the debug container would be
    # left running when no profile is active.
    desc: Stop local dev infrastructure (docker compose down)
    cmds:
      - docker compose --profile '*' down

  proto:
    desc: Generate protobuf code using buf
    cmds:
      - buf generate
    sources:
      - proto/**/*.proto
      - buf.gen.yaml
    generates:
      - "{{.GEN_DIR}}/**/*.go"

  fmt:
    desc: Format Go and frontend source
    cmds:
      # goimports handles both gofmt and import ordering; fail loudly if the
      # binary is missing instead of silently skipping formatting.
      - cmd: |
          if ! command -v goimports >/dev/null 2>&1; then
            echo "goimports not installed — run: go install golang.org/x/tools/cmd/goimports@latest" >&2
            exit 1
          fi
          goimports -w .
      - go mod tidy
      - task: fmt:frontend

  fmt:frontend:
    desc: Format frontend source with prettier
    dir: '{{.FRONTEND_DIR}}'
    cmds:
      - npx --no-install prettier --write .

  generate:
    desc: Regenerate protobuf + forge code (frontend client included via buf generate; runs go mod tidy after)
    cmds:
      # Pre-flight: fail loudly when required codegen tooling is missing
      # instead of emitting cryptic buf/protoc errors. Mirrors the pattern
      # used by `task fmt` for goimports.
      - cmd: |
          missing=0
          if ! command -v buf >/dev/null 2>&1; then
            echo "buf not installed — install from https://buf.build/docs/installation" >&2
            missing=1
          fi
          if ! command -v protoc-gen-go >/dev/null 2>&1; then
            echo "protoc-gen-go not installed — run: go install google.golang.org/protobuf/cmd/protoc-gen-go@latest" >&2
            missing=1
          fi
          if ! command -v protoc-gen-connect-go >/dev/null 2>&1; then
            echo "protoc-gen-connect-go not installed — run: go install connectrpc.com/connect/cmd/protoc-gen-connect-go@latest" >&2
            missing=1
          fi
          exit $missing
      - buf generate
      - go mod tidy

  verify-generate:
    # CI gate: regenerate everything, then assert nothing changed. If this
    # fails the developer forgot to commit a `forge generate` / `buf
    # generate` result. Mirrors `make verify-generate` from hand-rolled
    # Makefiles. Uses `git diff --exit-code` so the diff is visible in the
    # CI log.
    desc: Verify generated code is committed up-to-date (CI guard)
    cmds:
      - task: generate
      - cmd: |
          if ! git diff --exit-code; then
            echo "ERROR: Generated files are out of date. Run 'forge generate' (or 'task generate') and commit the result." >&2
            exit 1
          fi

  coverage:
    # HTML coverage report at coverage.html. We deliberately omit -race
    # here (race + coverage requires -covermode=atomic, which in turn
    # needs the `covdata` tool — not always present in auto-installed
    # toolchains). Race testing happens in `task test`; this task is for
    # measuring exercised code. Skips integration / e2e (those have their
    # own tasks) so coverage reflects unit tests.
    desc: Run unit tests with coverage and emit coverage.html
    cmds:
      - go test -coverprofile=coverage.out -timeout 60s ./...
      - go tool cover -html=coverage.out -o coverage.html
      - cmd: echo "Coverage report written to coverage.html"
        silent: true

  migrate:
    desc: Apply pending database migrations (wraps `demo db migrate up`)
    cmds:
      # The generated CLI exposes migrations via a dedicated subcommand; keep
      # this task as the CI/docs-friendly entrypoint.
      # TODO: if your project does not use the generated `db migrate up`
      # subcommand (e.g. you run migrations from infra), replace this with
      # the equivalent command for your stack.
      - go run ./cmd/demo db migrate up

  db-seed:
    # Materializes the deterministic dev dataset (introspected from the applied
    # schema, FK-coherent, idempotent) and then applies your db/seeds/custom/
    # overlay. Runs via the forge CLI — the applier is intentionally NOT in
    # your server binary, so seeding capability is absent from production. Dev
    # only; refuses non-dev environments.
    desc: Seed the dev database (`forge db seed apply`)
    cmds:
      - cmd: |
          if ! command -v forge >/dev/null 2>&1; then
            echo "forge CLI not on PATH — seeding is a forge dev capability (not in your app binary)" >&2
            exit 1
          fi
          : "${DATABASE_URL:?DATABASE_URL must be set (in your shell env or config.<env>.yaml)}"
          forge db seed apply

  db-snapshot-restore:
    # Restore a sanitized snapshot dump (custom-format pg_dump, optionally
    # gzip-compressed) into a local Postgres database. The default target
    # database name is "<project>_snapshot" so it doesn't clobber dev data.
    #
    # Usage: task db-snapshot-restore DUMP=path/to/snapshot.dump.gz
    #
    # TODO: if your project uses a remote/managed snapshot store (GCS, S3),
    # add a sibling `db-snapshot` task that downloads + sanitizes from
    # there and writes the dump file this task expects.
    desc: Restore a DB snapshot dump to local postgres (DUMP=path/to/file.dump[.gz])
    cmds:
      - cmd: |
          DUMP="${DUMP:-snapshot.dump.gz}"
          DB="${SNAPSHOT_DB:-demo_snapshot}"
          PGHOST="${PGHOST:-127.0.0.1}"
          PGUSER="${PGUSER:-postgres}"
          if [ ! -f "$DUMP" ]; then
            echo "ERROR: Dump file '$DUMP' not found." >&2
            echo "Usage: task db-snapshot-restore DUMP=/path/to/snapshot.dump[.gz]" >&2
            exit 1
          fi
          for cmd in pg_restore createdb dropdb; do
            command -v "$cmd" >/dev/null 2>&1 || { echo "$cmd not installed — install postgresql-client" >&2; exit 1; }
          done
          echo "==> Restoring $DUMP into $DB (host=$PGHOST user=$PGUSER)..."
          dropdb --if-exists -h "$PGHOST" -U "$PGUSER" "$DB" 2>/dev/null || true
          createdb -h "$PGHOST" -U "$PGUSER" "$DB"
          if [[ "$DUMP" == *.gz ]]; then
            gunzip -c "$DUMP" | pg_restore -h "$PGHOST" -U "$PGUSER" -d "$DB" \
              --no-owner --no-privileges --clean --if-exists 2>&1 \
              | grep -v "^pg_restore: warning:" || true
          else
            pg_restore -h "$PGHOST" -U "$PGUSER" -d "$DB" \
              --no-owner --no-privileges --clean --if-exists "$DUMP" 2>&1 \
              | grep -v "^pg_restore: warning:" || true
          fi
          echo "==> Restore complete. Connect with: psql -h $PGHOST -U $PGUSER -d $DB"

  bench:
    # Go microbenchmarks live under benchmarks/. Extra packages with
    # Benchmark* functions are picked up automatically thanks to the
    # `./...` scope.
    desc: Run Go benchmarks (go test -bench=. across the module)
    cmds:
      - go test -bench=. -benchmem -run=^$ ./...

  clean:
    desc: Clean generated files and build artifacts
    cmds:
      - rm -rf {{.GEN_DIR}}
      - rm -rf bin
      - rm -f coverage.out coverage.html
      - rm -rf .forge/debug

  dev-psql:
    desc: Open psql shell to development database (uses $POSTGRES_USER/$POSTGRES_DB, defaults match docker-compose.yml)
    cmds:
      # POSTGRES_USER / POSTGRES_DB fall back to the same defaults as the
      # docker-compose service so `task dev-psql` works with zero env setup.
      - docker compose exec postgres psql -U "${POSTGRES_USER:-postgres}" -d "${POSTGRES_DB:-demo}"
